=== Topic modeling stratum=强势成功 ===
{
  "n_raw": 41251,
  "n_shared": 26811,
  "coverage": 0.6499478800513927,
  "n_missing_robot_status_group": 3756,
  "excluded_empty_or_too_short": 2262,
  "excluded_pure_emoji": 0,
  "excluded_only_at_mentions": 0,
  "excluded_repeated_fragment": 0,
  "excluded_pure_noise_row": 7,
  "excluded_effective_tokens_lt_min": 8783,
  "excluded_duplicate_text": 3388,
  "stratum": "强势成功",
  "n_shared_stratum": 14832,
  "n_posts_stratum": 11,
  "adaptive_lda_k": [
    5,
    7,
    10,
    12
  ],
  "adaptive_bert_kmeans_k": [
    5,
    7,
    10
  ],
  "adaptive_hdbscan_mcs": [
    30,
    50,
    80,
    100,
    200
  ],
  "adaptive_lda_min_df": 5,
  "adaptive_nmf_min_df": 3
}
[LDA k=5] perplexity=1242.88 docs=14832
[NMF k=5] reconstruction_err=117.9887 docs=14832
[LDA k=7] perplexity=1280.36 docs=14832
[NMF k=7] reconstruction_err=117.3125 docs=14832
[LDA k=10] perplexity=1335.99 docs=14832
[NMF k=10] reconstruction_err=116.4469 docs=14832
[LDA k=12] perplexity=1348.26 docs=14832
[NMF k=12] reconstruction_err=115.9199 docs=14832
[BERTopic] importing optional deps…
[BERTopic] SentenceTransformer('BAAI/bge-base-zh-v1.5', device='cpu') …
[BERTopic] 已从本地 HuggingFace 缓存加载嵌入模型。
[BERTopic] encoding 14832 docs …
[BERTopic] saved /Users/yilin/Desktop/project/robot_failure/output/experiments/2026-05-27_topic_stratified_by_robot_status/strata/强势成功/embeddings.npy
[BERTopic] UMAP fit_transform once (n_neighbors=15, n_docs=14832)…
[BERTopic] umap_reduced.npy saved, shape=(14832, 5)
[BERTopic] representation_model = [KeyBERTInspired, MMR(div=0.3)]
[BERTopic HDBSCAN mcs=30] model saved to /Users/yilin/Desktop/project/robot_failure/output/experiments/2026-05-27_topic_stratified_by_robot_status/strata/强势成功/bert_hdbscan_mcs30/model (safetensors).
[BERTopic HDBSCAN mcs=30] topics~=76 outlier_rate=0.391 sil=0.624 dbcv=0.331 mean_ari=1.000
[BERTopic HDBSCAN mcs=50] model saved to /Users/yilin/Desktop/project/robot_failure/output/experiments/2026-05-27_topic_stratified_by_robot_status/strata/强势成功/bert_hdbscan_mcs50/model (safetensors).
[BERTopic HDBSCAN mcs=50] topics~=50 outlier_rate=0.436 sil=0.627 dbcv=0.275 mean_ari=1.000
[BERTopic HDBSCAN mcs=80] model saved to /Users/yilin/Desktop/project/robot_failure/output/experiments/2026-05-27_topic_stratified_by_robot_status/strata/强势成功/bert_hdbscan_mcs80/model (safetensors).
[BERTopic HDBSCAN mcs=80] topics~=20 outlier_rate=0.500 sil=0.657 dbcv=0.284 mean_ari=1.000
[BERTopic HDBSCAN mcs=100] model saved to /Users/yilin/Desktop/project/robot_failure/output/experiments/2026-05-27_topic_stratified_by_robot_status/strata/强势成功/bert_hdbscan_mcs100/model (safetensors).
[BERTopic HDBSCAN mcs=100] topics~=4 outlier_rate=0.090 sil=0.245 dbcv=-0.069 mean_ari=1.000
[BERTopic HDBSCAN mcs=200] model saved to /Users/yilin/Desktop/project/robot_failure/output/experiments/2026-05-27_topic_stratified_by_robot_status/strata/强势成功/bert_hdbscan_mcs200/model (safetensors).
[BERTopic HDBSCAN mcs=200] topics~=2 outlier_rate=0.040 sil=0.513 dbcv=0.274 mean_ari=1.000
[BERTopic KMeans k=5] model saved to /Users/yilin/Desktop/project/robot_failure/output/experiments/2026-05-27_topic_stratified_by_robot_status/strata/强势成功/bert_kmeans_k5/model (safetensors).
[BERTopic KMeans k=5] sil=0.360 mean_ari=0.900 largest_share=0.327 model_saved=True
[BERTopic KMeans k=7] model saved to /Users/yilin/Desktop/project/robot_failure/output/experiments/2026-05-27_topic_stratified_by_robot_status/strata/强势成功/bert_kmeans_k7/model (safetensors).
[BERTopic KMeans k=7] sil=0.395 mean_ari=0.998 largest_share=0.234 model_saved=True
[BERTopic KMeans k=10] model saved to /Users/yilin/Desktop/project/robot_failure/output/experiments/2026-05-27_topic_stratified_by_robot_status/strata/强势成功/bert_kmeans_k10/model (safetensors).
[BERTopic KMeans k=10] sil=0.399 mean_ari=0.869 largest_share=0.183 model_saved=True
