=== Topic modeling stratum=强势成功 ===
{
  "n_raw": 31245,
  "n_shared": 18832,
  "coverage": 0.6027204352696431,
  "n_missing_robot_status_group": 2138,
  "excluded_empty_or_too_short": 0,
  "excluded_pure_emoji": 0,
  "excluded_only_at_mentions": 4718,
  "excluded_repeated_fragment": 162,
  "excluded_pure_noise_row": 2,
  "excluded_effective_tokens_lt_min": 7344,
  "excluded_duplicate_text": 187,
  "stratum": "强势成功",
  "n_shared_stratum": 12133,
  "n_posts_stratum": 5,
  "adaptive_lda_k": [
    5,
    7,
    10,
    12
  ],
  "adaptive_bert_kmeans_k": [
    5,
    7,
    10
  ],
  "adaptive_hdbscan_mcs": [
    30,
    50,
    80,
    100,
    200
  ],
  "adaptive_lda_min_df": 5,
  "adaptive_nmf_min_df": 3
}
[LDA k=5] perplexity=1030.20 docs=12133
[NMF k=5] reconstruction_err=106.3648 docs=12133
[LDA k=7] perplexity=1089.59 docs=12133
[NMF k=7] reconstruction_err=105.6872 docs=12133
[LDA k=10] perplexity=1119.88 docs=12133
[NMF k=10] reconstruction_err=104.8161 docs=12133
[LDA k=12] perplexity=1156.62 docs=12133
[NMF k=12] reconstruction_err=104.3082 docs=12133
[BERTopic] importing optional deps…
[BERTopic] SentenceTransformer('BAAI/bge-base-zh-v1.5', device='cpu') …
[BERTopic] 已从本地 HuggingFace 缓存加载嵌入模型。
[BERTopic] encoding 12133 docs …
[BERTopic] saved /Users/yilin/Desktop/project/robot_failure/output/experiments/2026-05-10_topic_stratified_robot_status/strata/强势成功/embeddings.npy
[BERTopic] UMAP fit_transform once (n_neighbors=15, n_docs=12133)…
[BERTopic] umap_reduced.npy saved, shape=(12133, 5)
[BERTopic] representation_model = [KeyBERTInspired, MMR(div=0.3)]
[BERTopic HDBSCAN mcs=30] model saved to /Users/yilin/Desktop/project/robot_failure/output/experiments/2026-05-10_topic_stratified_robot_status/strata/强势成功/bert_hdbscan_mcs30/model (safetensors).
[BERTopic HDBSCAN mcs=30] topics~=67 outlier_rate=0.411 sil=0.648 dbcv=0.327 mean_ari=1.000
[BERTopic HDBSCAN mcs=50] model saved to /Users/yilin/Desktop/project/robot_failure/output/experiments/2026-05-10_topic_stratified_robot_status/strata/强势成功/bert_hdbscan_mcs50/model (safetensors).
[BERTopic HDBSCAN mcs=50] topics~=7 outlier_rate=0.057 sil=0.096 dbcv=-0.133 mean_ari=1.000
[BERTopic HDBSCAN mcs=80] model saved to /Users/yilin/Desktop/project/robot_failure/output/experiments/2026-05-10_topic_stratified_robot_status/strata/强势成功/bert_hdbscan_mcs80/model (safetensors).
[BERTopic HDBSCAN mcs=80] topics~=15 outlier_rate=0.278 sil=0.386 dbcv=0.103 mean_ari=1.000
[BERTopic HDBSCAN mcs=100] model saved to /Users/yilin/Desktop/project/robot_failure/output/experiments/2026-05-10_topic_stratified_robot_status/strata/强势成功/bert_hdbscan_mcs100/model (safetensors).
[BERTopic HDBSCAN mcs=100] topics~=3 outlier_rate=0.014 sil=0.339 dbcv=0.435 mean_ari=1.000
[BERTopic HDBSCAN mcs=200] model saved to /Users/yilin/Desktop/project/robot_failure/output/experiments/2026-05-10_topic_stratified_robot_status/strata/强势成功/bert_hdbscan_mcs200/model (safetensors).
[BERTopic HDBSCAN mcs=200] topics~=2 outlier_rate=0.026 sil=0.535 dbcv=0.194 mean_ari=1.000
[BERTopic KMeans k=5] model saved to /Users/yilin/Desktop/project/robot_failure/output/experiments/2026-05-10_topic_stratified_robot_status/strata/强势成功/bert_kmeans_k5/model (safetensors).
[BERTopic KMeans k=5] sil=0.366 mean_ari=0.996 largest_share=0.271 model_saved=True
[BERTopic KMeans k=7] model saved to /Users/yilin/Desktop/project/robot_failure/output/experiments/2026-05-10_topic_stratified_robot_status/strata/强势成功/bert_kmeans_k7/model (safetensors).
[BERTopic KMeans k=7] sil=0.409 mean_ari=1.000 largest_share=0.237 model_saved=True
[BERTopic KMeans k=10] model saved to /Users/yilin/Desktop/project/robot_failure/output/experiments/2026-05-10_topic_stratified_robot_status/strata/强势成功/bert_kmeans_k10/model (safetensors).
[BERTopic KMeans k=10] sil=0.410 mean_ari=0.975 largest_share=0.177 model_saved=True
