=== Topic modeling stratum=常态 ===
{
  "n_raw": 41251,
  "n_shared": 26811,
  "coverage": 0.6499478800513927,
  "n_missing_robot_status_group": 3756,
  "excluded_empty_or_too_short": 2262,
  "excluded_pure_emoji": 0,
  "excluded_only_at_mentions": 0,
  "excluded_repeated_fragment": 0,
  "excluded_pure_noise_row": 7,
  "excluded_effective_tokens_lt_min": 8783,
  "excluded_duplicate_text": 3388,
  "stratum": "常态",
  "n_shared_stratum": 1972,
  "n_posts_stratum": 8,
  "adaptive_lda_k": [
    5,
    7,
    10,
    12
  ],
  "adaptive_bert_kmeans_k": [
    5,
    7,
    10
  ],
  "adaptive_hdbscan_mcs": [
    30,
    50,
    80,
    100,
    200
  ],
  "adaptive_lda_min_df": 5,
  "adaptive_nmf_min_df": 3
}
[LDA k=5] perplexity=312.13 docs=1972
[NMF k=5] reconstruction_err=40.6953 docs=1972
[LDA k=7] perplexity=309.56 docs=1972
[NMF k=7] reconstruction_err=40.2711 docs=1972
[LDA k=10] perplexity=308.91 docs=1972
[NMF k=10] reconstruction_err=39.7324 docs=1972
[LDA k=12] perplexity=317.35 docs=1972
[NMF k=12] reconstruction_err=39.4304 docs=1972
[BERTopic] importing optional deps…
[BERTopic] SentenceTransformer('BAAI/bge-base-zh-v1.5', device='cpu') …
[BERTopic] 已从本地 HuggingFace 缓存加载嵌入模型。
[BERTopic] encoding 1972 docs …
[BERTopic] saved /Users/yilin/Desktop/project/robot_failure/output/experiments/2026-05-27_topic_stratified_by_robot_status/strata/常态/embeddings.npy
[BERTopic] UMAP fit_transform once (n_neighbors=15, n_docs=1972)…
[BERTopic] umap_reduced.npy saved, shape=(1972, 5)
[BERTopic] representation_model = [KeyBERTInspired, MMR(div=0.3)]
[WARN] reduce_outliers failed: No outliers to reduce.
[BERTopic HDBSCAN mcs=30] model saved to /Users/yilin/Desktop/project/robot_failure/output/experiments/2026-05-27_topic_stratified_by_robot_status/strata/常态/bert_hdbscan_mcs30/model (safetensors).
[BERTopic HDBSCAN mcs=30] topics~=2 outlier_rate=0.000 sil=0.606 dbcv=0.731 mean_ari=1.000
[WARN] reduce_outliers failed: No outliers to reduce.
[BERTopic HDBSCAN mcs=50] model saved to /Users/yilin/Desktop/project/robot_failure/output/experiments/2026-05-27_topic_stratified_by_robot_status/strata/常态/bert_hdbscan_mcs50/model (safetensors).
[BERTopic HDBSCAN mcs=50] topics~=2 outlier_rate=0.000 sil=0.606 dbcv=0.731 mean_ari=1.000
[WARN] reduce_outliers failed: No outliers to reduce.
[BERTopic HDBSCAN mcs=80] model saved to /Users/yilin/Desktop/project/robot_failure/output/experiments/2026-05-27_topic_stratified_by_robot_status/strata/常态/bert_hdbscan_mcs80/model (safetensors).
[BERTopic HDBSCAN mcs=80] topics~=2 outlier_rate=0.000 sil=0.606 dbcv=0.731 mean_ari=1.000
[BERTopic HDBSCAN mcs=100] model saved to /Users/yilin/Desktop/project/robot_failure/output/experiments/2026-05-27_topic_stratified_by_robot_status/strata/常态/bert_hdbscan_mcs100/model (safetensors).
[BERTopic HDBSCAN mcs=100] topics~=2 outlier_rate=0.343 sil=0.574 dbcv=0.105 mean_ari=1.000
[BERTopic HDBSCAN mcs=200] model saved to /Users/yilin/Desktop/project/robot_failure/output/experiments/2026-05-27_topic_stratified_by_robot_status/strata/常态/bert_hdbscan_mcs200/model (safetensors).
[BERTopic HDBSCAN mcs=200] topics~=2 outlier_rate=0.533 sil=0.652 dbcv=0.253 mean_ari=1.000
[BERTopic KMeans k=5] model saved to /Users/yilin/Desktop/project/robot_failure/output/experiments/2026-05-27_topic_stratified_by_robot_status/strata/常态/bert_kmeans_k5/model (safetensors).
[BERTopic KMeans k=5] sil=0.336 mean_ari=0.999 largest_share=0.362 model_saved=True
[BERTopic KMeans k=7] model saved to /Users/yilin/Desktop/project/robot_failure/output/experiments/2026-05-27_topic_stratified_by_robot_status/strata/常态/bert_kmeans_k7/model (safetensors).
[BERTopic KMeans k=7] sil=0.348 mean_ari=1.000 largest_share=0.312 model_saved=True
[BERTopic KMeans k=10] model saved to /Users/yilin/Desktop/project/robot_failure/output/experiments/2026-05-27_topic_stratified_by_robot_status/strata/常态/bert_kmeans_k10/model (safetensors).
[BERTopic KMeans k=10] sil=0.373 mean_ari=0.828 largest_share=0.153 model_saved=True
